\BOOKMARK [1][-]{section.1}{\376\377\000P\000r\000\351\000s\000e\000n\000t\000a\000t\000i\000o\000n\000\040\000d\000u\000\040\000S\000u\000j\000e\000t}{}% 1
\BOOKMARK [2][-]{subsection.1.1}{\376\377\000C\000o\000n\000t\000e\000x\000t\000e\000\040\000e\000t\000\040\000p\000r\000o\000b\000l\000\351\000m\000a\000t\000i\000q\000u\000e}{section.1}% 2
\BOOKMARK [2][-]{subsection.1.2}{\376\377\000I\000n\000t\000\351\000r\000\352\000t\000\040\000d\000u\000\040\000s\000u\000j\000e\000t}{section.1}% 3
\BOOKMARK [2][-]{subsection.1.3}{\376\377\000A\000p\000p\000r\000o\000c\000h\000e\000s\000\040\000p\000o\000s\000s\000i\000b\000l\000e\000s\000\040\000e\000t\000\040\000c\000h\000o\000i\000x\000\040\000r\000e\000t\000e\000n\000u}{section.1}% 4
\BOOKMARK [3][-]{subsubsection.1.3.1}{\376\377\000A\000p\000p\000r\000o\000c\000h\000e\000s\000\040\000b\000a\000s\000\351\000e\000s\000\040\000s\000u\000r\000\040\000d\000e\000s\000\040\000t\000e\000c\000h\000n\000i\000q\000u\000e\000s\000\040\000h\000u\000m\000a\000i\000n\000e\000s}{subsection.1.3}% 5
\BOOKMARK [3][-]{subsubsection.1.3.2}{\376\377\000A\000p\000p\000r\000o\000c\000h\000e\000s\000\040\000a\000l\000g\000o\000r\000i\000t\000h\000m\000i\000q\000u\000e\000s\000\040\000c\000l\000a\000s\000s\000i\000q\000u\000e\000s}{subsection.1.3}% 6
\BOOKMARK [3][-]{subsubsection.1.3.3}{\376\377\000A\000p\000p\000r\000o\000c\000h\000e\000s\000\040\000h\000y\000b\000r\000i\000d\000e\000s}{subsection.1.3}% 7
\BOOKMARK [2][-]{subsection.1.4}{\376\377\000C\000a\000h\000i\000e\000r\000\040\000d\000e\000s\000\040\000c\000h\000a\000r\000g\000e\000s\000\040\000d\000\351\000t\000a\000i\000l\000l\000\351}{section.1}% 8
\BOOKMARK [3][-]{subsubsection.1.4.1}{\376\377\000F\000o\000n\000c\000t\000i\000o\000n\000n\000a\000l\000i\000t\000\351\000s\000\040\000p\000r\000i\000n\000c\000i\000p\000a\000l\000e\000s}{subsection.1.4}% 9
\BOOKMARK [3][-]{subsubsection.1.4.2}{\376\377\000C\000o\000n\000t\000r\000a\000i\000n\000t\000e\000s\000\040\000t\000e\000c\000h\000n\000i\000q\000u\000e\000s}{subsection.1.4}% 10
\BOOKMARK [1][-]{section.2}{\376\377\000T\000e\000c\000h\000n\000o\000l\000o\000g\000i\000e\000s\000\040\000u\000t\000i\000l\000i\000s\000\351\000e\000s}{}% 11
\BOOKMARK [2][-]{subsection.2.1}{\376\377\000L\000a\000n\000g\000a\000g\000e\000s\000\040\000e\000t\000\040\000o\000u\000t\000i\000l\000s\000\040\000u\000t\000i\000l\000i\000s\000\351\000s}{section.2}% 12
\BOOKMARK [3][-]{subsubsection.2.1.1}{\376\377\000L\000a\000n\000g\000a\000g\000e\000\040\000d\000e\000\040\000p\000r\000o\000g\000r\000a\000m\000m\000a\000t\000i\000o\000n}{subsection.2.1}% 13
\BOOKMARK [3][-]{subsubsection.2.1.2}{\376\377\000B\000i\000b\000l\000i\000o\000t\000h\000\350\000q\000u\000e\000s\000\040\000u\000t\000i\000l\000i\000s\000\351\000e\000s}{subsection.2.1}% 14
\BOOKMARK [3][-]{subsubsection.2.1.3}{\376\377\000O\000u\000t\000i\000l\000s\000\040\000d\000e\000\040\000d\000\351\000v\000e\000l\000o\000p\000p\000e\000m\000e\000n\000t}{subsection.2.1}% 15
\BOOKMARK [2][-]{subsection.2.2}{\376\377\000J\000u\000s\000t\000i\000f\000i\000c\000a\000t\000i\000o\000n\000\040\000d\000e\000s\000\040\000c\000h\000o\000i\000x\000\040\000t\000e\000c\000h\000n\000o\000l\000o\000g\000i\000q\000u\000e\000s}{section.2}% 16
\BOOKMARK [3][-]{subsubsection.2.2.1}{\376\377\000C\000h\000o\000i\000x\000\040\000d\000u\000\040\000l\000a\000n\000g\000a\000g\000e\000\040\000P\000y\000t\000h\000o\000n}{subsection.2.2}% 17
\BOOKMARK [1][-]{section.3}{\376\377\000D\000\351\000v\000e\000l\000o\000p\000p\000e\000m\000e\000n\000t\000s\000\040\000L\000o\000g\000i\000c\000i\000e\000l\000\040\000:\000\040\000C\000o\000n\000c\000e\000p\000t\000i\000o\000n\000,\000\040\000M\000o\000d\000\351\000l\000i\000s\000a\000t\000i\000o\000n\000,\000\040\000I\000m\000p\000l\000\351\000m\000e\000n\000t\000a\000t\000i\000o\000n}{}% 18
\BOOKMARK [2][-]{subsection.3.1}{\376\377\000P\000r\000\351\000s\000e\000n\000t\000a\000t\000i\000o\000n\000\040\000d\000e\000s\000\040\000d\000\351\000v\000e\000l\000o\000p\000p\000e\000m\000e\000n\000t\000s\000\040\000r\000\351\000a\000l\000i\000s\000\351\000s\000\040\000e\000t\000\040\000m\000o\000d\000u\000l\000e\000s\000\040\000p\000r\000i\000n\000c\000i\000p\000a\000u\000x\000\040\000d\000u\000\040\000l\000o\000g\000i\000c\000i\000e\000l}{section.3}% 19
\BOOKMARK [3][-]{subsubsection.3.1.1}{\376\377\000G\000r\000i\000l\000l\000e\000\040\000\050\000F\000i\000g\000u\000r\000e\000\040\0002\000\051}{subsection.3.1}% 20
\BOOKMARK [3][-]{subsubsection.3.1.2}{\376\377\000S\000o\000l\000v\000e\000r\000\040\000\050\000F\000i\000g\000u\000r\000e\000\040\0004\000\051}{subsection.3.1}% 21
\BOOKMARK [3][-]{subsubsection.3.1.3}{\376\377\000S\000c\000r\000a\000p\000e\000r}{subsection.3.1}% 22
\BOOKMARK [2][-]{subsection.3.2}{\376\377\000D\000i\000a\000g\000r\000a\000m\000m\000e\000\040\000d\000e\000\040\000c\000a\000s\000\040\000d\040\031\000u\000t\000i\000l\000i\000s\000a\000t\000i\000o\000n\000\040\000\050\000U\000M\000L\000\051}{section.3}% 23
\BOOKMARK [2][-]{subsection.3.3}{\376\377\000D\000i\000a\000g\000r\000a\000m\000m\000e\000\040\000d\000e\000\040\000c\000l\000a\000s\000s\000e\000s\000\040\000\050\000U\000M\000L\000\051}{section.3}% 24
\BOOKMARK [2][-]{subsection.3.4}{\376\377\000F\000o\000n\000c\000t\000i\000o\000n\000n\000a\000l\000i\000t\000\351\000s\000\040\000d\000e\000\040\000l\040\031\000i\000n\000t\000e\000r\000f\000a\000c\000e\000\040\000\050\000c\000o\000n\000s\000o\000l\000e\000\051\000\040\000\050\000F\000i\000g\000u\000r\000e\000\040\0006\000\051}{section.3}% 25
\BOOKMARK [3][-]{subsubsection.3.4.1}{\376\377\000E\000x\000e\000m\000p\000l\000e\000s\000\040\000d\000'\000a\000f\000f\000i\000c\000h\000a\000g\000e\000\040\000d\000a\000n\000s\000\040\000l\000'\000i\000n\000t\000e\000r\000f\000a\000c\000e\000\040\000c\000o\000n\000s\000o\000l\000e\000\040\000a\000v\000e\000c\000\040\000l\000a\000\040\000r\000\351\000s\000o\000l\000u\000t\000i\000o\000n\000\040\000h\000u\000m\000a\000i\000n\000e}{subsection.3.4}% 26
\BOOKMARK [2][-]{subsection.3.5}{\376\377\000S\000t\000r\000u\000c\000t\000u\000r\000e\000s\000\040\000d\000e\000\040\000d\000o\000n\000n\000\351\000e\000s\000\040\000p\000r\000i\000n\000c\000i\000p\000a\000l\000e\000s}{section.3}% 27
\BOOKMARK [2][-]{subsection.3.6}{\376\377\000F\000o\000r\000m\000a\000t\000\040\000d\000e\000s\000\040\000e\000n\000t\000r\000\351\000e\000s\000\040\000\050\000g\000r\000i\000l\000l\000e\000s\000\040\000S\000u\000d\000o\000k\000u\000\051}{section.3}% 28
\BOOKMARK [2][-]{subsection.3.7}{\376\377\000P\000r\000o\000c\000\351\000d\000u\000r\000e\000s\000\040\000d\000e\000\040\000l\000e\000c\000t\000u\000r\000e\000\040\000e\000t\000\040\000v\000a\000l\000i\000d\000a\000t\000i\000o\000n}{section.3}% 29
\BOOKMARK [2][-]{subsection.3.8}{\376\377\000S\000t\000a\000t\000i\000s\000t\000i\000q\000u\000e\000s}{section.3}% 30
\BOOKMARK [3][-]{subsubsection.3.8.1}{\376\377\000C\000o\000m\000p\000l\000e\000x\000i\000t\000\351\000\040\000d\000e\000s\000\040\000f\000i\000c\000h\000i\000e\000r\000s\000\040\000p\000r\000i\000n\000c\000i\000p\000a\000u\000x\000\040\000d\000e\000\040\000l\000'\000i\000n\000t\000e\000r\000f\000a\000c\000e\000\040\000c\000o\000n\000s\000o\000l\000e}{subsection.3.8}% 31
\BOOKMARK [3][-]{subsubsection.3.8.2}{\376\377\000N\000o\000m\000b\000r\000e\000\040\000d\000e\000\040\000m\000o\000d\000u\000l\000e\000s\000\040\000/\000\040\000c\000l\000a\000s\000s\000e\000s}{subsection.3.8}% 32
\BOOKMARK [3][-]{subsubsection.3.8.3}{\376\377\000N\000o\000m\000b\000r\000e\000\040\000d\000e\000\040\000l\000i\000g\000n\000e\000s\000\040\000d\000e\000\040\000c\000o\000d\000e}{subsection.3.8}% 33
\BOOKMARK [1][-]{section.4}{\376\377\000A\000l\000g\000o\000r\000i\000t\000h\000m\000e\000s\000\040\000e\000t\000\040\000A\000n\000a\000l\000y\000s\000e}{}% 34
\BOOKMARK [2][-]{subsection.4.1}{\376\377\000A\000l\000g\000o\000r\000i\000t\000h\000m\000e\000s\000\040\000p\000r\000i\000n\000c\000i\000p\000a\000u\000x}{section.4}% 35
\BOOKMARK [3][-]{subsubsection.4.1.1}{\376\377\000A\000l\000g\000o\000r\000i\000t\000h\000m\000e\000s\000\040\000d\000e\000\040\000b\000a\000c\000k\000t\000r\000a\000c\000k\000i\000n\000g}{subsection.4.1}% 36
\BOOKMARK [3][-]{subsubsection.4.1.2}{\376\377\000A\000l\000g\000o\000r\000i\000t\000h\000m\000e\000s\000\040\000h\000u\000m\000a\000i\000n\000s}{subsection.4.1}% 37
\BOOKMARK [2][-]{subsection.4.2}{\376\377\000C\000o\000m\000p\000l\000e\000x\000i\000t\000\351\000\040\000t\000e\000m\000p\000o\000r\000e\000l\000l\000e\000\040\000d\000e\000s\000\040\000a\000l\000g\000o\000r\000i\000t\000h\000m\000e\000s}{section.4}% 38
\BOOKMARK [3][-]{subsubsection.4.2.1}{\376\377\000C\000o\000m\000p\000l\000e\000x\000i\000t\000\351\000\040\000b\000a\000c\000k\000t\000r\000a\000c\000k}{subsection.4.2}% 39
\BOOKMARK [3][-]{subsubsection.4.2.2}{\376\377\000C\000o\000m\000p\000l\000e\000x\000i\000t\000\351\000\040\000h\000u\000m\000a\000i\000n\000e}{subsection.4.2}% 40
\BOOKMARK [1][-]{section.5}{\376\377\000A\000n\000a\000l\000y\000s\000e\000\040\000d\000e\000s\000\040\000R\000\351\000s\000u\000l\000t\000a\000t\000s}{}% 41
\BOOKMARK [2][-]{subsection.5.1}{\376\377\000G\000r\000a\000p\000h\000i\000q\000u\000e\000s\000\040\000d\000e\000\040\000p\000e\000r\000f\000o\000r\000m\000a\000n\000c\000e}{section.5}% 42
\BOOKMARK [2][-]{subsection.5.2}{\376\377\000A\000n\000a\000l\000y\000s\000e\000\040\000d\000e\000s\000\040\000r\000\351\000s\000u\000l\000t\000a\000t\000s}{section.5}% 43
\BOOKMARK [2][-]{subsection.5.3}{\376\377\000C\000o\000m\000p\000a\000r\000a\000i\000s\000o\000n\000\040\000d\000e\000s\000\040\000m\000\351\000t\000h\000o\000d\000e\000s}{section.5}% 44
\BOOKMARK [3][-]{subsubsection.5.3.1}{\376\377\000B\000a\000c\000k\000t\000r\000a\000c\000k\000i\000n\000g\000\040\000v\000s\000\040\000M\000\351\000t\000h\000o\000d\000e\000s\000\040\000h\000u\000m\000a\000i\000n\000e\000s}{subsection.5.3}% 45
\BOOKMARK [2][-]{subsection.5.4}{\376\377\000P\000r\000o\000c\000\351\000d\000u\000r\000e\000s\000\040\000d\000e\000\040\000t\000e\000s\000t}{section.5}% 46
\BOOKMARK [3][-]{subsubsection.5.4.1}{\376\377\000G\000\351\000n\000\351\000r\000a\000t\000i\000o\000n\000\040\000d\000e\000\040\000g\000r\000i\000l\000l\000e\000s}{subsection.5.4}% 47
\BOOKMARK [3][-]{subsubsection.5.4.2}{\376\377\000V\000a\000l\000i\000d\000a\000t\000i\000o\000n\000\040\000d\000e\000s\000\040\000s\000o\000l\000u\000t\000i\000o\000n\000s}{subsection.5.4}% 48
\BOOKMARK [1][-]{section.6}{\376\377\000G\000e\000s\000t\000i\000o\000n\000\040\000d\000u\000\040\000P\000r\000o\000j\000e\000t}{}% 49
\BOOKMARK [2][-]{subsection.6.1}{\376\377\000O\000r\000g\000a\000n\000i\000s\000a\000t\000i\000o\000n\000\040\000d\000u\000\040\000p\000r\000o\000j\000e\000t}{section.6}% 50
\BOOKMARK [2][-]{subsection.6.2}{\376\377\000R\000\351\000p\000a\000r\000t\000i\000t\000i\000o\000n\000\040\000d\000e\000s\000\040\000t\000\342\000c\000h\000e\000s}{section.6}% 51
\BOOKMARK [1][-]{section.7}{\376\377\000B\000i\000l\000a\000n\000\040\000e\000t\000\040\000C\000o\000n\000c\000l\000u\000s\000i\000o\000n\000s}{}% 52
\BOOKMARK [2][-]{subsection.7.1}{\376\377\000F\000o\000n\000c\000t\000i\000o\000n\000n\000a\000l\000i\000t\000\351\000s\000\040\000r\000\351\000a\000l\000i\000s\000\351\000e\000s}{section.7}% 53
\BOOKMARK [3][-]{subsubsection.7.1.1}{\376\377\000B\000a\000n\000q\000u\000e\000\040\000d\000e\000\040\000g\000r\000i\000l\000l\000e\000s\000\040\000p\000r\000\351\000-\000g\000\351\000n\000\351\000r\000\351\000e\000s}{subsection.7.1}% 54
\BOOKMARK [2][-]{subsection.7.2}{\376\377\000C\000o\000m\000p\000a\000r\000a\000i\000s\000o\000n\000\040\000a\000v\000e\000c\000\040\000c\000a\000h\000i\000e\000r\000\040\000d\000e\000s\000\040\000c\000h\000a\000r\000g\000e\000s}{section.7}% 55
\BOOKMARK [2][-]{subsection.7.3}{\376\377\000L\000i\000m\000i\000t\000e\000s\000\040\000d\000u\000\040\000p\000r\000o\000j\000e\000t}{section.7}% 56
\BOOKMARK [2][-]{subsection.7.4}{\376\377\000P\000e\000r\000s\000p\000e\000c\000t\000i\000v\000e\000s}{section.7}% 57
\BOOKMARK [3][-]{subsubsection.7.4.1}{\376\377\000A\000m\000\351\000l\000i\000o\000r\000a\000t\000i\000o\000n\000\040\000d\000e\000s\000\040\000a\000l\000g\000o\000r\000i\000t\000h\000m\000e\000s\000.\000.\000.}{subsection.7.4}% 58
\BOOKMARK [3][-]{subsubsection.7.4.2}{\376\377\000I\000n\000t\000e\000r\000f\000a\000c\000e\000\040\000g\000r\000a\000p\000h\000i\000q\000u\000e\000.\000.\000.}{subsection.7.4}% 59
\BOOKMARK [1][-]{section.8}{\376\377\000B\000i\000b\000l\000i\000o\000g\000r\000a\000p\000h\000i\000e}{}% 60
\BOOKMARK [1][-]{section.9}{\376\377\000A\000n\000n\000e\000x\000e\000s}{}% 61
